[transformers] `torch_dtype` is deprecated! Use `dtype` instead!

Loading weights:   0%|          | 0/398 [00:00<?, ?it/s]
Loading weights:  94%|#########3| 373/398 [00:00<00:00, 3716.84it/s]
Loading weights: 100%|##########| 398/398 [00:00<00:00, 3743.27it/s]
W0824 18:50:10.269000 17588 site-packages\torch\utils\flop_counter.py:29] triton not found; flop counting will not work for triton kernels
[transformers] The tokenizer has new PAD<absolute-path> tokens that differ from the model config and generation config. The model config and generation config were aligned accordingly, being updated with the tokenizer's values. Updated tokens: {'bos_token_id': None}.

  0%|          | 0/45 [00:00<?, ?it/s]
  2%|2         | 1/45 [01:03<46:17, 63.13s/it]
                                              

  2%|2         | 1/45 [01:03<46:17, 63.13s/it]
  4%|4         | 2/45 [01:58<42:04, 58.72s/it]
  7%|6         | 3/45 [02:53<39:55, 57.04s/it]
  9%|8         | 4/45 [03:48<38:14, 55.97s/it]
 11%|#1        | 5/45 [04:47<38:00, 57.02s/it]
 13%|#3        | 6/45 [05:40<36:21, 55.94s/it]
 16%|#5        | 7/45 [06:39<36:02, 56.90s/it]
 18%|#7        | 8/45 [07:33<34:23, 55.78s/it]
 20%|##        | 9/45 [08:29<33:30, 55.85s/it]
 22%|##2       | 10/45 [09:22<32:06, 55.04s/it]
                                               

 22%|##2       | 10/45 [09:22<32:06, 55.04s/it]
 24%|##4       | 11/45 [10:12<30:20, 53.54s/it]
 27%|##6       | 12/45 [10:54<27:33, 50.10s/it]
 29%|##8       | 13/45 [11:42<26:16, 49.26s/it]
 31%|###1      | 14/45 [12:43<27:25, 53.07s/it]
 33%|###3      | 15/45 [13:35<26:21, 52.72s/it]
 36%|###5      | 16/45 [14:26<25:08, 52.00s/it]
 38%|###7      | 17/45 [15:16<24:03, 51.57s/it]
 40%|####      | 18/45 [16:09<23:20, 51.86s/it]
 42%|####2     | 19/45 [17:07<23:18, 53.79s/it]
 44%|####4     | 20/45 [17:57<21:58, 52.72s/it]
                                               

 44%|####4     | 20/45 [17:57<21:58, 52.72s/it]
 47%|####6     | 21/45 [18:55<21:39, 54.16s/it]
 49%|####8     | 22/45 [19:57<21:37, 56.43s/it]
 51%|#####1    | 23/45 [20:49<20:16, 55.30s/it]
 53%|#####3    | 24/45 [21:56<20:36, 58.87s/it]
 56%|#####5    | 25/45 [22:59<20:02, 60.10s/it]
 58%|#####7    | 26/45 [23:58<18:52, 59.61s/it]
 60%|######    | 27/45 [24:49<17:06, 57.05s/it]
 62%|######2   | 28/45 [25:48<16:18, 57.56s/it]
 64%|######4   | 29/45 [26:36<14:35, 54.74s/it]
 67%|######6   | 30/45 [27:27<13:25, 53.71s/it]
                                               

 67%|######6   | 30/45 [27:27<13:25, 53.71s/it]
 69%|######8   | 31/45 [28:26<12:54, 55.35s/it]